
> vite_react_shadcn_ts@0.0.0 build
> vite build

node.exe : [31mfailed to 
load config from C:\Users\
smpin_keke4d0\Downloads\so
u-smp-main\sou-smp-main\vi
te.config.ts[39m
At line:1 char:1
+ & "C:\Program 
Files\nodejs/node.exe" 
"C:\Program 
Files\nodejs/node_mo ...
+ ~~~~~~~~~~~~~~~~~~~~~~~~
~~~~~~~~~~~~~~~~~~~~~~~~~~
~~~~~~~~~~~~~~~~~~~
    + CategoryInfo        
      : NotSpecified: (  
  [31mfailed to ....con   
 fig.ts[39m:String) [    
], RemoteException
    + FullyQualifiedError 
   Id : NativeCommandErr  
  or
 
[31merror during build:
Error 
[ERR_MODULE_NOT_FOUND]: 
Cannot find package '@vite
js/plugin-react-swc' 
imported from C:\Users\smp
in_keke4d0\Downloads\sou-s
mp-main\sou-smp-main\node_
modules\.vite-temp\vite.co
nfig.ts.timestamp-17751543
01143-663ebf925dd13.mjs
    at 
Object.getPackageJSONURL (
node:internal/modules/pack
age_json_reader:301:9)
    at packageResolve (nod
e:internal/modules/esm/res
olve:769:81)
    at moduleResolve (node
:internal/modules/esm/reso
lve:860:18)
    at defaultResolve (nod
e:internal/modules/esm/res
olve:992:11)
    at 
#cachedDefaultResolve (nod
e:internal/modules/esm/loa
der:719:20)
    at #resolveAndMaybeBlo
ckOnLoaderThread (node:int
ernal/modules/esm/loader:7
36:38)
    at 
ModuleLoader.resolveSync (
node:internal/modules/esm/
loader:765:52)
    at #resolve (node:inte
rnal/modules/esm/loader:70
1:17)
    at ModuleLoader.getOrC
reateModuleJob (node:inter
nal/modules/esm/loader:621
:35)
    at ModuleJob.syncLink 
(node:internal/modules/esm
/module_job:160:33)[39m
